// Vitest Snapshot v1, https://vitest.dev/guide/snapshot.html

exports[`list > event > : load-more 1`] = `
<div
  class="t-list"
>
  <!---->
  
  <div
    class="t-cell t-cell--middle"
  >
    <div
      class="t-cell__left"
    >
      <!---->
      <!---->
    </div>
    <!---->
    <div
      class="t-cell__note"
    >
      
      <span
        class="cell"
      >
        0
      </span>
      
    </div>
    <!---->
  </div>
  <div
    class="t-cell t-cell--middle"
  >
    <div
      class="t-cell__left"
    >
      <!---->
      <!---->
    </div>
    <!---->
    <div
      class="t-cell__note"
    >
      
      <span
        class="cell"
      >
        1
      </span>
      
    </div>
    <!---->
  </div>
  <div
    class="t-cell t-cell--middle"
  >
    <div
      class="t-cell__left"
    >
      <!---->
      <!---->
    </div>
    <!---->
    <div
      class="t-cell__note"
    >
      
      <span
        class="cell"
      >
        2
      </span>
      
    </div>
    <!---->
  </div>
  <div
    class="t-cell t-cell--middle"
  >
    <div
      class="t-cell__left"
    >
      <!---->
      <!---->
    </div>
    <!---->
    <div
      class="t-cell__note"
    >
      
      <span
        class="cell"
      >
        3
      </span>
      
    </div>
    <!---->
  </div>
  <div
    class="t-cell t-cell--middle"
  >
    <div
      class="t-cell__left"
    >
      <!---->
      <!---->
    </div>
    <!---->
    <div
      class="t-cell__note"
    >
      
      <span
        class="cell"
      >
        4
      </span>
      
    </div>
    <!---->
  </div>
  <div
    class="t-cell t-cell--middle"
  >
    <div
      class="t-cell__left"
    >
      <!---->
      <!---->
    </div>
    <!---->
    <div
      class="t-cell__note"
    >
      
      <span
        class="cell"
      >
        5
      </span>
      
    </div>
    <!---->
  </div>
  <div
    class="t-cell t-cell--middle"
  >
    <div
      class="t-cell__left"
    >
      <!---->
      <!---->
    </div>
    <!---->
    <div
      class="t-cell__note"
    >
      
      <span
        class="cell"
      >
        6
      </span>
      
    </div>
    <!---->
  </div>
  <div
    class="t-cell t-cell--middle"
  >
    <div
      class="t-cell__left"
    >
      <!---->
      <!---->
    </div>
    <!---->
    <div
      class="t-cell__note"
    >
      
      <span
        class="cell"
      >
        7
      </span>
      
    </div>
    <!---->
  </div>
  <div
    class="t-cell t-cell--middle"
  >
    <div
      class="t-cell__left"
    >
      <!---->
      <!---->
    </div>
    <!---->
    <div
      class="t-cell__note"
    >
      
      <span
        class="cell"
      >
        8
      </span>
      
    </div>
    <!---->
  </div>
  <div
    class="t-cell t-cell--middle"
  >
    <div
      class="t-cell__left"
    >
      <!---->
      <!---->
    </div>
    <!---->
    <div
      class="t-cell__note"
    >
      
      <span
        class="cell"
      >
        9
      </span>
      
    </div>
    <!---->
  </div>
  <div
    class="t-cell t-cell--middle"
  >
    <div
      class="t-cell__left"
    >
      <!---->
      <!---->
    </div>
    <!---->
    <div
      class="t-cell__note"
    >
      
      <span
        class="cell"
      >
        10
      </span>
      
    </div>
    <!---->
  </div>
  <div
    class="t-cell t-cell--middle"
  >
    <div
      class="t-cell__left"
    >
      <!---->
      <!---->
    </div>
    <!---->
    <div
      class="t-cell__note"
    >
      
      <span
        class="cell"
      >
        11
      </span>
      
    </div>
    <!---->
  </div>
  <div
    class="t-cell t-cell--middle"
  >
    <div
      class="t-cell__left"
    >
      <!---->
      <!---->
    </div>
    <!---->
    <div
      class="t-cell__note"
    >
      
      <span
        class="cell"
      >
        12
      </span>
      
    </div>
    <!---->
  </div>
  <div
    class="t-cell t-cell--middle"
  >
    <div
      class="t-cell__left"
    >
      <!---->
      <!---->
    </div>
    <!---->
    <div
      class="t-cell__note"
    >
      
      <span
        class="cell"
      >
        13
      </span>
      
    </div>
    <!---->
  </div>
  <div
    class="t-cell t-cell--middle"
  >
    <div
      class="t-cell__left"
    >
      <!---->
      <!---->
    </div>
    <!---->
    <div
      class="t-cell__note"
    >
      
      <span
        class="cell"
      >
        14
      </span>
      
    </div>
    <!---->
  </div>
  <div
    class="t-cell t-cell--middle"
  >
    <div
      class="t-cell__left"
    >
      <!---->
      <!---->
    </div>
    <!---->
    <div
      class="t-cell__note"
    >
      
      <span
        class="cell"
      >
        15
      </span>
      
    </div>
    <!---->
  </div>
  <div
    class="t-cell t-cell--middle"
  >
    <div
      class="t-cell__left"
    >
      <!---->
      <!---->
    </div>
    <!---->
    <div
      class="t-cell__note"
    >
      
      <span
        class="cell"
      >
        16
      </span>
      
    </div>
    <!---->
  </div>
  <div
    class="t-cell t-cell--middle"
  >
    <div
      class="t-cell__left"
    >
      <!---->
      <!---->
    </div>
    <!---->
    <div
      class="t-cell__note"
    >
      
      <span
        class="cell"
      >
        17
      </span>
      
    </div>
    <!---->
  </div>
  <div
    class="t-cell t-cell--middle"
  >
    <div
      class="t-cell__left"
    >
      <!---->
      <!---->
    </div>
    <!---->
    <div
      class="t-cell__note"
    >
      
      <span
        class="cell"
      >
        18
      </span>
      
    </div>
    <!---->
  </div>
  <div
    class="t-cell t-cell--middle"
  >
    <div
      class="t-cell__left"
    >
      <!---->
      <!---->
    </div>
    <!---->
    <div
      class="t-cell__note"
    >
      
      <span
        class="cell"
      >
        19
      </span>
      
    </div>
    <!---->
  </div>
  
  <div
    class="t-list__loading--wrapper"
  >
    <!---->
  </div>
  <!---->
</div>
`;
