// Vitest Snapshot v1, https://vitest.dev/guide/snapshot.html

exports[`fab > slots > : icon 1`] = `
<div
  class="t-fab"
  style="right: 16px; bottom: 32px;"
>
  <button
    aria-disabled="false"
    class="t-button t-button--size-large t-button--base t-button--primary t-button--circle t-fab__button"
    role="button"
    type="button"
  >
    
    <svg
      class="t-icon t-icon-app"
      fill="none"
      height="1em"
      viewBox="0 0 24 24"
      width="1em"
    >
      <path
        d="M2 2h9v9H2V2zm2 2v5h5V4H4zm13.5 0a2.5 2.5 0 100 5 2.5 2.5 0 000-5zM13 6.5a4.5 4.5 0 119 0 4.5 4.5 0 01-9 0zM2 13h9v9H2v-9zm2 2v5h5v-5H4zm9-2h9v9h-9v-9zm2 2v5h5v-5h-5z"
        fill="currentColor"
      />
    </svg>
    
    <span
      class="t-button__content"
    >
      
      
      
    </span>
    <!---->
  </button>
</div>
`;
