// Vitest Snapshot v1

exports[`steps > props > : layout 1`] = `
<div
  class="t-steps t-steps--vertical t-steps--positive t-steps--readonly"
  modelvalue="1"
>
  
  <div
    class="t-step-item t-step-item--vertical t-step-item--default t-step-item--error"
  >
    <div
      class="t-step-item__anchor t-step-item__anchor--vertical"
    >
      <div
        class="t-step-item__circle t-step-item__circle--error"
      >
        <svg
          class="t-icon t-icon-close"
          fill="none"
          height="1em"
          viewBox="0 0 24 24"
          width="1em"
        >
          <path
            d="M7.05 5.64L12 10.59l4.95-4.95 1.41 1.41L13.41 12l4.95 4.95-1.41 1.41L12 13.41l-4.95 4.95-1.41-1.41L10.59 12 5.64 7.05l1.41-1.41z"
            fill="currentColor"
          />
        </svg>
      </div>
    </div>
    <div
      class="t-step-item__content t-step-item__content--vertical t-step-item__content--vertical t-step-item__content--last"
    >
      <div
        class="t-step-item__title t-step-item__title--error t-step-item__title--vertical"
      >
        步骤描述1
        
      </div>
      <div
        class="t-step-item__description t-step-item__description--error t-step-item__description--vertical"
      >
        辅助信息文字最多两行
      </div>
      <div
        class="t-step-item__extra t-step-item__extra--error t-step-item__extra--vertical"
      >
        <!---->
      </div>
    </div>
    <!---->
  </div>
  <div
    class="t-step-item t-step-item--vertical t-step-item--default t-step-item--process"
  >
    <div
      class="t-step-item__anchor t-step-item__anchor--vertical"
    >
      <div
        class="t-step-item__circle t-step-item__circle--process"
      >
        2
      </div>
    </div>
    <div
      class="t-step-item__content t-step-item__content--vertical t-step-item__content--vertical t-step-item__content--last"
    >
      <div
        class="t-step-item__title t-step-item__title--process t-step-item__title--vertical"
      >
        步骤描述1
        
      </div>
      <div
        class="t-step-item__description t-step-item__description--process t-step-item__description--vertical"
      >
        辅助信息文字最多两行
      </div>
      <div
        class="t-step-item__extra t-step-item__extra--process t-step-item__extra--vertical"
      >
        <!---->
      </div>
    </div>
    <!---->
  </div>
  
</div>
`;
