// Vitest Snapshot v1

exports[`ImageViewer > function > : onIndexChange 1`] = `
<transition-stub
  class="t-image-viewer"
>
  <div
    class="t-overlay t-overlay--active"
    style="z-index: 1000; transition-duration: 300ms;"
  >
    
    
    <div
      class="t-image-viewer__close-icon"
    >
      <svg
        class="t-icon t-icon-close-circle-filled"
        fill="none"
        height="1em"
        viewBox="0 0 16 16"
        width="1em"
      >
        <path
          d="M15 8A7 7 0 101 8a7 7 0 0014 0zM5.67 4.95L8 7.29l2.33-2.34.7.7L8.7 8l2.34 2.35-.71.7L8 8.71l-2.33 2.34-.7-.7L7.3 8 4.96 5.65l.71-.7z"
          fill="currentColor"
          fill-opacity="0.9"
        />
      </svg>
    </div>
    <div
      class="t-swiper t-image-viewer__swipe"
      style="overflow: hidden;"
    >
      <div
        class="t-swiper__container"
        data-is-trust="true"
        style="flex-direction: row; transform: translateX(-0px); transition: transform 300ms;"
      >
        
        
        <div
          class="t-swiper-item t-image-viewer__swipe-item copy-item"
        >
          
          <img
            class="t-image-viewer__image"
            src="https://imgcache.qq.com/open_proj/proj_qcloud_v2/rocket_images/1606728019829_yw760ok1jmpbep14i.png"
            style="transition-duration: .3s;"
          />
          
        </div>
        <div
          class="t-swiper-item t-image-viewer__swipe-item"
        >
          
          <img
            class="t-image-viewer__image"
            src="https://imgcache.qq.com/open_proj/proj_qcloud_v2/rocket_images/1606728019829_yw760ok1jmpbep14i.png"
            style="transition-duration: .3s;"
          />
          
        </div>
        <div
          class="t-swiper-item t-image-viewer__swipe-item"
        >
          
          <img
            class="t-image-viewer__image"
            src="https://imgcache.qq.com/open_proj/proj_qcloud_v2/rocket_images/1606728019829_yw760ok1jmpbep14i.png"
            style="transition-duration: .3s;"
          />
          
        </div>
        
        
        <div
          class="t-swiper-item t-image-viewer__swipe-item copy-item"
        >
          
          <img
            class="t-image-viewer__image"
            src="https://imgcache.qq.com/open_proj/proj_qcloud_v2/rocket_images/1606728019829_yw760ok1jmpbep14i.png"
            style="transition-duration: .3s;"
          />
          
        </div>
      </div>
      
      <!--v-if-->
      <span
        class="t-swiper__pagination t-swiper__pagination-dots t-swiper__pagination-bottom"
      >
        
        <span
          class="t-swiper-dot"
        />
        <span
          class="t-swiper-dot"
        />
        
        <!--v-if-->
      </span>
      
    </div>
    
    
  </div>
</transition-stub>
`;
