// Vitest Snapshot v1

exports[`Input.vue > event > : focus 1`] = `
<div
  class="t-cell t-cell--middle t-cell--bordered t-input t-input--size-small"
>
  <div
    class="t-cell__left-icon"
  >
    <!--v-if-->
    <!--v-if-->
  </div>
  <!--v-if-->
  <div
    class="t-cell__note"
  >
    
    <div
      class="t-input__wrap"
    >
      <input
        autocomplete="Off"
        class="t-input__control"
        maxlength="-1"
        name=""
        placeholder="placeholder content"
        type="text"
      />
      <!--v-if-->
      <!--v-if-->
    </div>
    <!--v-if-->
    
  </div>
  <!--v-if-->
</div>
`;
