// Vitest Snapshot v1, https://vitest.dev/guide/snapshot.html

exports[`PullDownRefresh > :props > :others 1`] = `
<div
  class="t-pull-down-refresh"
>
  <div
    class="t-pull-down-refresh__track t-pull-down-refresh__track--loosing"
    style="transform: translate3d(0, 0px, 0);"
  >
    <div
      class="t-pull-down-refresh__tips"
      style="height: 80px;"
    >
      <div
        class="t-pull-down-refresh__loading"
        style="transform: translateY(15px); height: 0px; max-height: 50px;"
      >
        <div
          class="t-pull-down-refresh__text"
        >
          <!---->
        </div>
      </div>
    </div>
    <!---->
  </div>
</div>
`;
