// Vitest Snapshot v1

exports[`TabBar > props > snapshot 1`] = `
<div
  class="t-tab-bar t-tab-bar--bordered t-tab-bar--fixed"
  role="tablist"
>
  
  
  <div
    aria-label="TabBar"
    aria-selected="false"
    class="t-tab-bar-item t-no-border"
    name="label_1"
    role="tab"
    text="标签一"
  >
    <div
      class="t-tab-bar-item__content"
    >
      <div
        class="t-tab-bar-item__icon"
      >
        <div
          class="t-badge"
        >
          <div
            class="t-badge__inner t-badge--has-children t-badge--medium t-badge--circle"
            style="right: 0px; top: 5px;"
          >
            1
          </div>
          
          <svg
            class="t-icon t-icon-app"
            fill="none"
            height="1em"
            viewBox="0 0 16 16"
            width="1em"
          >
            <path
              d="M11.25 1.75a3 3 0 100 6 3 3 0 000-6zm-2 3a2 2 0 114 0 2 2 0 01-4 0zM2 3a1 1 0 011-1h3.5a1 1 0 011 1v3.5a1 1 0 01-1 1H3a1 1 0 01-1-1V3zm1 0v3.5h3.5V3H3zM2 9.5a1 1 0 011-1h3.5a1 1 0 011 1V13a1 1 0 01-1 1H3a1 1 0 01-1-1V9.5zm1 0V13h3.5V9.5H3zM8.5 9.5a1 1 0 011-1H13a1 1 0 011 1V13a1 1 0 01-1 1H9.5a1 1 0 01-1-1V9.5zm1 3.5H13V9.5H9.5V13z"
              fill="currentColor"
              fill-opacity="0.9"
            />
          </svg>
          
        </div>
      </div>
      <!--v-if-->
    </div>
    <transition-stub>
      <!--v-if-->
    </transition-stub>
  </div>
  <div
    aria-label="TabBar"
    aria-selected="false"
    class="t-tab-bar-item t-no-border"
    name="label_2"
    role="tab"
    text="标签二"
  >
    <div
      class="t-tab-bar-item__content"
    >
      <div
        class="t-tab-bar-item__icon"
      >
        <div
          class="t-badge"
        >
          <div
            class="t-badge__inner t-badge--has-children t-badge--medium t-badge--circle"
            style="right: 0px; top: 5px;"
          >
            1
          </div>
          
          <svg
            class="t-icon t-icon-app"
            fill="none"
            height="1em"
            viewBox="0 0 16 16"
            width="1em"
          >
            <path
              d="M11.25 1.75a3 3 0 100 6 3 3 0 000-6zm-2 3a2 2 0 114 0 2 2 0 01-4 0zM2 3a1 1 0 011-1h3.5a1 1 0 011 1v3.5a1 1 0 01-1 1H3a1 1 0 01-1-1V3zm1 0v3.5h3.5V3H3zM2 9.5a1 1 0 011-1h3.5a1 1 0 011 1V13a1 1 0 01-1 1H3a1 1 0 01-1-1V9.5zm1 0V13h3.5V9.5H3zM8.5 9.5a1 1 0 011-1H13a1 1 0 011 1V13a1 1 0 01-1 1H9.5a1 1 0 01-1-1V9.5zm1 3.5H13V9.5H9.5V13z"
              fill="currentColor"
              fill-opacity="0.9"
            />
          </svg>
          
        </div>
      </div>
      <!--v-if-->
    </div>
    <transition-stub>
      <!--v-if-->
    </transition-stub>
  </div>
  <div
    aria-haspopup="true"
    aria-label="TabBar"
    aria-selected="false"
    class="t-tab-bar-item t-no-border"
    name="label_3"
    role="tab"
    text="此处展开"
  >
    <div
      class="t-tab-bar-item__content"
    >
      <div
        class="t-tab-bar-item__icon"
      >
        <div
          class="t-badge"
        >
          <div
            class="t-badge__inner t-badge--has-children t-badge--medium t-badge--circle"
            style="right: 0px; top: 5px;"
          >
            1
          </div>
          
          <svg
            class="t-icon t-icon-app"
            fill="none"
            height="1em"
            viewBox="0 0 16 16"
            width="1em"
          >
            <path
              d="M11.25 1.75a3 3 0 100 6 3 3 0 000-6zm-2 3a2 2 0 114 0 2 2 0 01-4 0zM2 3a1 1 0 011-1h3.5a1 1 0 011 1v3.5a1 1 0 01-1 1H3a1 1 0 01-1-1V3zm1 0v3.5h3.5V3H3zM2 9.5a1 1 0 011-1h3.5a1 1 0 011 1V13a1 1 0 01-1 1H3a1 1 0 01-1-1V9.5zm1 0V13h3.5V9.5H3zM8.5 9.5a1 1 0 011-1H13a1 1 0 011 1V13a1 1 0 01-1 1H9.5a1 1 0 01-1-1V9.5zm1 3.5H13V9.5H9.5V13z"
              fill="currentColor"
              fill-opacity="0.9"
            />
          </svg>
          
        </div>
      </div>
      <!--v-if-->
    </div>
    <transition-stub>
      <!--v-if-->
    </transition-stub>
  </div>
  
  
</div>
`;
